{
  "version": "1.5.0",
  "plugins_used": [
    {
      "name": "ArtifactoryDetector"
    },
    {
      "name": "AWSKeyDetector"
    },
    {
      "name": "AzureStorageKeyDetector"
    },
    {
      "name": "Base64HighEntropyString",
      "limit": 4.5
    },
    {
      "name": "BasicAuthDetector"
    },
    {
      "name": "CloudantDetector"
    },
    {
      "name": "DiscordBotTokenDetector"
    },
    {
      "name": "GitHubTokenDetector"
    },
    {
      "name": "GitLabTokenDetector"
    },
    {
      "name": "HexHighEntropyString",
      "limit": 3.0
    },
    {
      "name": "IbmCloudIamDetector"
    },
    {
      "name": "IbmCosHmacDetector"
    },
    {
      "name": "IPPublicDetector"
    },
    {
      "name": "JwtTokenDetector"
    },
    {
      "name": "KeywordDetector",
      "keyword_exclude": ""
    },
    {
      "name": "MailchimpDetector"
    },
    {
      "name": "NpmDetector"
    },
    {
      "name": "OpenAIDetector"
    },
    {
      "name": "PrivateKeyDetector"
    },
    {
      "name": "PypiTokenDetector"
    },
    {
      "name": "SendGridDetector"
    },
    {
      "name": "SlackDetector"
    },
    {
      "name": "SoftlayerDetector"
    },
    {
      "name": "SquareOAuthDetector"
    },
    {
      "name": "StripeDetector"
    },
    {
      "name": "TelegramBotTokenDetector"
    },
    {
      "name": "TwilioKeyDetector"
    }
  ],
  "filters_used": [
    {
      "path": "detect_secrets.filters.allowlist.is_line_allowlisted"
    },
    {
      "path": "detect_secrets.filters.common.is_ignored_due_to_verification_policies",
      "min_level": 2
    },
    {
      "path": "detect_secrets.filters.heuristic.is_indirect_reference"
    },
    {
      "path": "detect_secrets.filters.heuristic.is_likely_id_string"
    },
    {
      "path": "detect_secrets.filters.heuristic.is_lock_file"
    },
    {
      "path": "detect_secrets.filters.heuristic.is_not_alphanumeric_string"
    },
    {
      "path": "detect_secrets.filters.heuristic.is_potential_uuid"
    },
    {
      "path": "detect_secrets.filters.heuristic.is_prefixed_with_dollar_sign"
    },
    {
      "path": "detect_secrets.filters.heuristic.is_sequential_string"
    },
    {
      "path": "detect_secrets.filters.heuristic.is_swagger_file"
    },
    {
      "path": "detect_secrets.filters.heuristic.is_templated_secret"
    },
    {
      "path": "detect_secrets.filters.regex.should_exclude_file",
      "pattern": [
        "node_modules/.*",
        "package-lock.json"
      ]
    }
  ],
  "results": {
    ".claude/skills/documentation/references/go-patterns.md": [
      {
        "type": "Secret Keyword",
        "filename": ".claude/skills/documentation/references/go-patterns.md",
        "hashed_secret": "74f513eb6f61ab2a2263233597ada27c44a11262",
        "is_verified": false,
        "line_number": 21
      }
    ],
    ".claude/skills/error-handling/references/examples.md": [
      {
        "type": "Secret Keyword",
        "filename": ".claude/skills/error-handling/references/examples.md",
        "hashed_secret": "ecb252044b5ea0f679ee78ec1a12904739e2904d",
        "is_verified": false,
        "line_number": 86
      }
    ],
    ".claude/skills/security/references/patterns-by-language.md": [
      {
        "type": "Secret Keyword",
        "filename": ".claude/skills/security/references/patterns-by-language.md",
        "hashed_secret": "e4e6071ba48c5c0c20c1c1dc5325a3c7d8d6d1f3",
        "is_verified": false,
        "line_number": 66
      }
    ],
    ".claude/skills/testing/SKILL.md": [
      {
        "type": "Secret Keyword",
        "filename": ".claude/skills/testing/SKILL.md",
        "hashed_secret": "7288edd0fc3ffcbe93a0cf06e3568e28521687bc",
        "is_verified": false,
        "line_number": 55
      },
      {
        "type": "Secret Keyword",
        "filename": ".claude/skills/testing/SKILL.md",
        "hashed_secret": "a94a8fe5ccb19ba61c4c0873d391e987982fbbd3",
        "is_verified": false,
        "line_number": 83
      }
    ],
    ".claude/skills/testing/references/examples.md": [
      {
        "type": "Secret Keyword",
        "filename": ".claude/skills/testing/references/examples.md",
        "hashed_secret": "6367c48dd193d56ea7b0baad25b19455e529f5ee",
        "is_verified": false,
        "line_number": 14
      },
      {
        "type": "Secret Keyword",
        "filename": ".claude/skills/testing/references/examples.md",
        "hashed_secret": "f04a07abc612388d70e270d19f9f5db7a27290fc",
        "is_verified": false,
        "line_number": 42
      }
    ],
    ".claude/skills/testing/references/patterns-by-language.md": [
      {
        "type": "Secret Keyword",
        "filename": ".claude/skills/testing/references/patterns-by-language.md",
        "hashed_secret": "b9615cef6cff3572af1365ff44c8b92ea9266f3e",
        "is_verified": false,
        "line_number": 9
      },
      {
        "type": "Secret Keyword",
        "filename": ".claude/skills/testing/references/patterns-by-language.md",
        "hashed_secret": "a94a8fe5ccb19ba61c4c0873d391e987982fbbd3",
        "is_verified": false,
        "line_number": 69
      },
      {
        "type": "Secret Keyword",
        "filename": ".claude/skills/testing/references/patterns-by-language.md",
        "hashed_secret": "a62f2225bf70bfaccbc7f1ef2a397836717377de",
        "is_verified": false,
        "line_number": 113
      },
      {
        "type": "Secret Keyword",
        "filename": ".claude/skills/testing/references/patterns-by-language.md",
        "hashed_secret": "7288edd0fc3ffcbe93a0cf06e3568e28521687bc",
        "is_verified": false,
        "line_number": 149
      }
    ]
  },
  "generated_at": "2026-05-22T06:26:04Z"
}
